{"artifact_generation_validation_log": "/home/hoky/Quants-agent/LuminaQuant/var/reports/profit_moonshot_20260501/current_tail_20260508/alpha_v2/alpha_zoo_30m_plus_alpha_feedback_discovery_20260523/artifact_generation_validation_latest.log", "candidates_csv": "/home/hoky/Quants-agent/LuminaQuant/var/reports/profit_moonshot_20260501/current_tail_20260508/alpha_v2/alpha_zoo_30m_plus_alpha_feedback_discovery_20260523/alpha_zoo_30m_plus_alpha_feedback_candidates_latest.csv", "decisions_csv": "/home/hoky/Quants-agent/LuminaQuant/var/reports/profit_moonshot_20260501/current_tail_20260508/alpha_v2/alpha_zoo_30m_plus_alpha_feedback_discovery_20260523/alpha_zoo_30m_plus_alpha_feedback_decisions_latest.csv", "latest_json": "/home/hoky/Quants-agent/LuminaQuant/var/reports/profit_moonshot_20260501/current_tail_20260508/alpha_v2/alpha_zoo_30m_plus_alpha_feedback_discovery_20260523/alpha_zoo_30m_plus_alpha_feedback_discovery_latest.json", "latest_markdown": "/home/hoky/Quants-agent/LuminaQuant/var/reports/profit_moonshot_20260501/current_tail_20260508/alpha_v2/alpha_zoo_30m_plus_alpha_feedback_discovery_20260523/alpha_zoo_30m_plus_alpha_feedback_discovery_latest.md", "no_promotion_shadow_shortlist_json": "/home/hoky/Quants-agent/LuminaQuant/var/reports/profit_moonshot_20260501/current_tail_20260508/alpha_v2/alpha_zoo_30m_plus_alpha_feedback_discovery_20260523/no_promotion_shadow_shortlist_latest.json", "paper_testnet_handoff_json": "/home/hoky/Quants-agent/LuminaQuant/var/reports/profit_moonshot_20260501/current_tail_20260508/alpha_v2/alpha_zoo_30m_plus_alpha_feedback_discovery_20260523/paper_testnet_handoff_latest.json", "paper_testnet_handoff_markdown": "/home/hoky/Quants-agent/LuminaQuant/var/reports/profit_moonshot_20260501/current_tail_20260508/alpha_v2/alpha_zoo_30m_plus_alpha_feedback_discovery_20260523/paper_testnet_handoff_latest.md", "shadow_hypotheses_csv": "/home/hoky/Quants-agent/LuminaQuant/var/reports/profit_moonshot_20260501/current_tail_20260508/alpha_v2/alpha_zoo_30m_plus_alpha_feedback_discovery_20260523/alpha_zoo_30m_plus_alpha_feedback_shadow_hypotheses_latest.csv", "timestamped_json": "/home/hoky/Quants-agent/LuminaQuant/var/reports/profit_moonshot_20260501/current_tail_20260508/alpha_v2/alpha_zoo_30m_plus_alpha_feedback_discovery_20260523/alpha_zoo_30m_plus_alpha_feedback_discovery_20260523T090125Z.json"}
	Command being timed: "uv run python scripts/research/run_alpha_zoo_30m_plus_alpha_feedback_discovery.py"
	User time (seconds): 196.33
	System time (seconds): 5.27
	Percent of CPU this job got: 105%
	Elapsed (wall clock) time (h:mm:ss or m:ss): 3:11.64
	Average shared text size (kbytes): 0
	Average unshared data size (kbytes): 0
	Average stack size (kbytes): 0
	Average total size (kbytes): 0
	Maximum resident set size (kbytes): 1908808
	Average resident set size (kbytes): 0
	Major (requiring I/O) page faults: 1
	Minor (reclaiming a frame) page faults: 1186843
	Voluntary context switches: 20891
	Involuntary context switches: 894
	Swaps: 0
	File system inputs: 0
	File system outputs: 5440
	Socket messages sent: 0
	Socket messages received: 0
	Signals delivered: 0
	Page size (bytes): 4096
	Exit status: 0
