	Command being timed: "uv run --extra dev python scripts/research/replay_crypto_fx_alpha_zoo_state.py --current-tail-cache var/cache/profit_moonshot_fresh_start/joined_panel_de62df511cec53df6ad39521.parquet --external-state-csv var/reports/profit_moonshot_20260501/current_tail_20260508/alpha_v2/external_market_state_20260512/external_market_state_lagged.csv --calibration var/reports/profit_moonshot_20260501/current_tail_20260508/alpha_v2/crypto_fx_alpha_zoo_real_data_20260514/edge_calibration_latest.json --output var/reports/profit_moonshot_20260501/current_tail_20260508/alpha_v2/hybrid_optuna_alpha_zoo_comparison_20260514/alpha_zoo_strict_integer_recheck_latest.json --strict-real-data --max-leverage 6"
	User time (seconds): 301.78
	System time (seconds): 0.90
	Percent of CPU this job got: 100%
	Elapsed (wall clock) time (h:mm:ss or m:ss): 5:02.19
	Average shared text size (kbytes): 0
	Average unshared data size (kbytes): 0
	Average stack size (kbytes): 0
	Average total size (kbytes): 0
	Maximum resident set size (kbytes): 298740
	Average resident set size (kbytes): 0
	Major (requiring I/O) page faults: 1199
	Minor (reclaiming a frame) page faults: 64208
	Voluntary context switches: 1999
	Involuntary context switches: 444
	Swaps: 0
	File system inputs: 274472
	File system outputs: 2720
	Socket messages sent: 0
	Socket messages received: 0
	Signals delivered: 0
	Page size (bytes): 4096
	Exit status: 0
