# hybrid-only quarantine correction verification rerun 2026-05-16T16:39:34Z
artifact sanity ok: comparison core=2, literal-hybrid quarantine=8, calendar=5
...                                                                      [100%]
3 passed in 0.04s
.......................                                                  [100%]
23 passed in 1.19s
........................................................................ [ 97%]
..                                                                       [100%]
74 passed in 0.43s
........................................................................ [  5%]
........................................................................ [ 11%]
........................................................................ [ 16%]
........................................................................ [ 22%]
........................................................................ [ 27%]
........................................................................ [ 33%]
........................................................................ [ 38%]
........................................................................ [ 44%]
........................................................................ [ 49%]
........................................................................ [ 55%]
........................................................................ [ 60%]
........................................................................ [ 66%]
........................................................................ [ 71%]
........................................................................ [ 77%]
........................................................................ [ 82%]
........................................................................ [ 88%]
........................................................................ [ 93%]
........................................................................ [ 99%]
............                                                             [100%]
1308 passed in 289.85s (0:04:49)
All checks passed!
git diff --cached --check
# git diff --cached --check passed
