\n$ uv run --extra dev pytest tests/test_crypto_fx_alpha_zoo.py tests/test_triple_barrier_labeler.py tests/test_edge_calibration.py tests/test_crypto_fx_alpha_zoo_state_strategy.py -q
.......................                                                  [100%]
23 passed in 1.05s
\n$ uv run --extra dev pytest tests/test_profit_moonshot_fresh_start_replay.py tests/test_profit_moonshot_liquidation_aware_validation.py tests/test_profit_moonshot_live_final_selection.py tests/test_profit_moonshot_pass_under_8gb_validator.py -q
........................................................................ [ 97%]
..                                                                       [100%]
74 passed in 0.56s
\n$ uv run --extra dev pytest -q
........................................................................ [  5%]
........................................................................ [ 11%]
........................................................................ [ 16%]
........................................................................ [ 22%]
........................................................................ [ 27%]
........................................................................ [ 33%]
........................................................................ [ 38%]
........................................................................ [ 44%]
........................................................................ [ 49%]
........................................................................ [ 55%]
........................................................................ [ 60%]
........................................................................ [ 66%]
........................................................................ [ 71%]
........................................................................ [ 77%]
........................................................................ [ 82%]
........................................................................ [ 88%]
........................................................................ [ 93%]
........................................................................ [ 99%]
...........                                                              [100%]
1307 passed in 249.93s (0:04:09)
\n$ uv run --extra dev ruff check .
All checks passed!
\n$ uv run --extra dev python -m compileall -q src scripts tests
\n$ git diff --check
\n$ git diff --cached --check
\nverification complete
