[nested-hybrid quarantine verification rerun] 2026-05-17T01:15:14+09:00
artifact sanity passed: strict core=1, nested quarantine=9, calendar quarantine=5; split timestamps populated
+ uv run --extra dev pytest tests/test_crypto_fx_alpha_zoo.py tests/test_triple_barrier_labeler.py tests/test_edge_calibration.py tests/test_crypto_fx_alpha_zoo_state_strategy.py -q
.......................                                                  [100%]
23 passed in 0.82s
+ uv run --extra dev pytest tests/test_profit_moonshot_fresh_start_replay.py tests/test_profit_moonshot_liquidation_aware_validation.py tests/test_profit_moonshot_live_final_selection.py tests/test_profit_moonshot_pass_under_8gb_validator.py -q
........................................................................ [ 97%]
..                                                                       [100%]
74 passed in 0.39s
+ uv run --extra dev pytest -q
........................................................................ [  5%]
........................................................................ [ 11%]
........................................................................ [ 16%]
........................................................................ [ 22%]
........................................................................ [ 27%]
........................................................................ [ 33%]
........................................................................ [ 38%]
........................................................................ [ 44%]
........................................................................ [ 49%]
........................................................................ [ 55%]
........................................................................ [ 60%]
........................................................................ [ 66%]
........................................................................ [ 71%]
........................................................................ [ 77%]
........................................................................ [ 82%]
........................................................................ [ 88%]
........................................................................ [ 93%]
........................................................................ [ 99%]
............                                                             [100%]
1308 passed in 219.99s (0:03:39)
+ uv run --extra dev ruff check .
All checks passed!
+ uv run --extra dev python -m compileall -q src scripts tests
+ git diff --check
+ git diff --cached --check
[nested-hybrid quarantine verification passed] 2026-05-17T01:18:58+09:00
