$ uv run --extra dev pytest tests/test_crypto_fx_alpha_zoo.py tests/test_triple_barrier_labeler.py tests/test_edge_calibration.py tests/test_crypto_fx_alpha_zoo_state_strategy.py -q
.......................                                                  [100%]
23 passed in 2.14s
$ uv run --extra dev pytest tests/test_profit_moonshot_fresh_start_replay.py tests/test_profit_moonshot_liquidation_aware_validation.py tests/test_profit_moonshot_live_final_selection.py tests/test_profit_moonshot_pass_under_8gb_validator.py -q
........................................................................ [ 97%]
..                                                                       [100%]
74 passed in 0.97s
$ uv run --extra dev pytest -q
........................................................................ [  5%]
........................................................................ [ 11%]
........................................................................ [ 16%]
........................................................................ [ 22%]
........................................................................ [ 27%]
........................................................................ [ 33%]
........................................................................ [ 38%]
........................................................................ [ 44%]
........................................................................ [ 49%]
........................................................................ [ 55%]
........................................................................ [ 60%]
........................................................................ [ 66%]
........................................................................ [ 71%]
........................................................................ [ 77%]
........................................................................ [ 82%]
........................................................................ [ 88%]
........................................................................ [ 93%]
........................................................................ [ 99%]
...........                                                              [100%]
1307 passed in 431.06s (0:07:11)
$ uv run --extra dev ruff check .
All checks passed!
$ uv run --extra dev python -m compileall -q src scripts tests
$ git diff --check
$ git diff --cached --check
local verification log: var/reports/profit_moonshot_20260501/current_tail_20260508/alpha_v2/hybrid_optuna_alpha_zoo_comparison_20260514/local_verification_20260516T134741Z.log
