verification_started_utc=2026-05-20T13:35:51Z
step=artifact_regeneration
{"artifact_generation_validation_log": "/home/hoky/Quants-agent/LuminaQuant/var/reports/profit_moonshot_20260501/current_tail_20260508/alpha_v2/alpha_zoo_long_only_reversal_guarded_study_20260520/artifact_generation_validation_latest.log", "guarded_candidates_csv": "/home/hoky/Quants-agent/LuminaQuant/var/reports/profit_moonshot_20260501/current_tail_20260508/alpha_v2/alpha_zoo_long_only_reversal_guarded_study_20260520/guarded_long_only_reversal_candidates_latest.csv", "guarded_references_csv": "/home/hoky/Quants-agent/LuminaQuant/var/reports/profit_moonshot_20260501/current_tail_20260508/alpha_v2/alpha_zoo_long_only_reversal_guarded_study_20260520/guarded_long_only_reversal_references_latest.csv", "latest_json": "/home/hoky/Quants-agent/LuminaQuant/var/reports/profit_moonshot_20260501/current_tail_20260508/alpha_v2/alpha_zoo_long_only_reversal_guarded_study_20260520/alpha_zoo_long_only_reversal_guarded_study_latest.json", "latest_markdown": "/home/hoky/Quants-agent/LuminaQuant/var/reports/profit_moonshot_20260501/current_tail_20260508/alpha_v2/alpha_zoo_long_only_reversal_guarded_study_20260520/alpha_zoo_long_only_reversal_guarded_study_latest.md", "timestamped_json": "/home/hoky/Quants-agent/LuminaQuant/var/reports/profit_moonshot_20260501/current_tail_20260508/alpha_v2/alpha_zoo_long_only_reversal_guarded_study_20260520/alpha_zoo_long_only_reversal_guarded_study_20260520T133551Z.json"}
	Command being timed: "uv run --extra dev python scripts/research/run_alpha_zoo_long_only_reversal_guarded_study.py"
	User time (seconds): 1.51
	System time (seconds): 0.15
	Percent of CPU this job got: 239%
	Elapsed (wall clock) time (h:mm:ss or m:ss): 0:00.70
	Average shared text size (kbytes): 0
	Average unshared data size (kbytes): 0
	Average stack size (kbytes): 0
	Average total size (kbytes): 0
	Maximum resident set size (kbytes): 184240
	Average resident set size (kbytes): 0
	Major (requiring I/O) page faults: 0
	Minor (reclaiming a frame) page faults: 35085
	Voluntary context switches: 37
	Involuntary context switches: 51
	Swaps: 0
	File system inputs: 0
	File system outputs: 960
	Socket messages sent: 0
	Socket messages received: 0
	Signals delivered: 0
	Page size (bytes): 4096
	Exit status: 0
step=targeted_pytest
.............................                                            [100%]
29 passed in 0.60s
	Command being timed: "uv run --extra dev pytest tests/test_alpha_zoo_long_only_reversal_guarded_study.py tests/test_alpha_zoo_expanded_filter_shadow_selection.py tests/test_alpha_zoo_four_lane_shadow_discovery.py tests/test_alpha_zoo_validation_first_discovery.py tests/test_alpha_zoo_7x_paper_forward_preflight.py tests/test_alpha_zoo_10bps_full_retune.py tests/test_alpha_zoo_10bps_full_retune_artifact_assertions.py -q"
	User time (seconds): 2.38
	System time (seconds): 0.21
	Percent of CPU this job got: 167%
	Elapsed (wall clock) time (h:mm:ss or m:ss): 0:01.55
	Average shared text size (kbytes): 0
	Average unshared data size (kbytes): 0
	Average stack size (kbytes): 0
	Average total size (kbytes): 0
	Maximum resident set size (kbytes): 208984
	Average resident set size (kbytes): 0
	Major (requiring I/O) page faults: 0
	Minor (reclaiming a frame) page faults: 52328
	Voluntary context switches: 38
	Involuntary context switches: 58
	Swaps: 0
	File system inputs: 8
	File system outputs: 4480
	Socket messages sent: 0
	Socket messages received: 0
	Signals delivered: 0
	Page size (bytes): 4096
	Exit status: 0
step=full_pytest
........................................................................ [  5%]
........................................................................ [ 10%]
........................................................................ [ 15%]
........................................................................ [ 20%]
........................................................................ [ 26%]
........................................................................ [ 31%]
........................................................................ [ 36%]
........................................................................ [ 41%]
........................................................................ [ 47%]
........................................................................ [ 52%]
........................................................................ [ 57%]
........................................................................ [ 62%]
........................................................................ [ 68%]
........................................................................ [ 73%]
........................................................................ [ 78%]
........................................................................ [ 83%]
........................................................................ [ 89%]
........................................................................ [ 94%]
........................................................................ [ 99%]
.......                                                                  [100%]
1375 passed in 67.26s (0:01:07)
	Command being timed: "uv run --extra dev pytest -q"
	User time (seconds): 75.81
	System time (seconds): 18.30
	Percent of CPU this job got: 135%
	Elapsed (wall clock) time (h:mm:ss or m:ss): 1:09.62
	Average shared text size (kbytes): 0
	Average unshared data size (kbytes): 0
	Average stack size (kbytes): 0
	Average total size (kbytes): 0
	Maximum resident set size (kbytes): 2728984
	Average resident set size (kbytes): 0
	Major (requiring I/O) page faults: 2447
	Minor (reclaiming a frame) page faults: 1865719
	Voluntary context switches: 325783
	Involuntary context switches: 3505
	Swaps: 0
	File system inputs: 654960
	File system outputs: 155504
	Socket messages sent: 0
	Socket messages received: 0
	Signals delivered: 0
	Page size (bytes): 4096
	Exit status: 0
step=ruff
All checks passed!
step=compileall
step=diff_check
verification_finished_utc=2026-05-20T13:37:03Z
