hybrid decision verification UTC 2026-05-24T13:29:11Z
artifact invariant: pass
.........                                                                [100%]
9 passed in 0.32s
All checks passed!
Hardcoded parameter audit: total=567 new=0 baselined=567
JSON report: reports/quality/hardcoded_params_report.json
Markdown report: reports/quality/hardcoded_params_report.md
........................................................................ [  5%]
........................................................................ [ 10%]
........................................................................ [ 15%]
........................................................................ [ 20%]
........................................................................ [ 25%]
........................................................................ [ 30%]
........................................................................ [ 35%]
........................................................................ [ 40%]
........................................................................ [ 45%]
........................................................................ [ 50%]
........................................................................ [ 55%]
........................................................................ [ 60%]
........................................................................ [ 65%]
........................................................................ [ 70%]
........................................................................ [ 75%]
........................................................................ [ 80%]
........................................................................ [ 85%]
........................................................................ [ 90%]
........................................................................ [ 95%]
........................................................................ [100%]
1440 passed in 68.46s (0:01:08)
	Command being timed: ".venv/bin/pytest -q"
	User time (seconds): 68.70
	System time (seconds): 18.13
	Percent of CPU this job got: 131%
	Elapsed (wall clock) time (h:mm:ss or m:ss): 1:06.00
	Average shared text size (kbytes): 0
	Average unshared data size (kbytes): 0
	Average stack size (kbytes): 0
	Average total size (kbytes): 0
	Maximum resident set size (kbytes): 2771296
	Average resident set size (kbytes): 0
	Major (requiring I/O) page faults: 2446
	Minor (reclaiming a frame) page faults: 1891006
	Voluntary context switches: 331289
	Involuntary context switches: 3257
	Swaps: 0
	File system inputs: 465440
	File system outputs: 210712
	Socket messages sent: 0
	Socket messages received: 0
	Signals delivered: 0
	Page size (bytes): 4096
	Exit status: 0
