Alpha Zoo 10bps paper/testnet preflight final verification
==========================================================

Scope: active 7x/0.20 and balanced 6x/0.175 paper/testnet-only handoff.
Generated artifact dir: var/reports/profit_moonshot_20260501/current_tail_20260508/alpha_v2/alpha_zoo_7x_paper_forward_preflight_20260519/
Final timestamped bundle: alpha_zoo_7x_paper_forward_preflight_20260520T112422Z.json

Governance checks:
- real_money_execution=false
- ready_for_real=false
- ready_for_paper=true for active and balanced preflights
- locked-OOS selector/objective/pruning/parameter-fit use flags are false
- sizing mode isolated_margin_fraction
- active replay/live notional parity: 0.20 * 7 = 140% equity, $10,000 -> $14,000 notional
- balanced replay/live notional parity: 0.175 * 6 = 105% equity, $10,000 -> $10,500 notional
- monitoring contract compares realized fee/slippage/all-in round-trip bps against 10bps mean and 15bps p95 thresholds
- liquidation-inclusive equity/MDD/account-wipeout fields included

Ralph architect verification:
- APPROVED, no required fixes.

AI slop cleanup:
- Scope restricted to changed files.
- Removed dead unused helper/config tuple field.
- Changed realized fill-cost parsing to fail closed on malformed bps fields.
- Added malformed-cost regression tests.
- Emitted monitoring CSV with LF lineterminators.

Commands and evidence:
- uv run --extra dev python scripts/research/run_alpha_zoo_7x_paper_forward_preflight.py: PASS
- uv run --extra dev pytest tests/test_alpha_zoo_7x_paper_forward_preflight.py tests/test_crypto_fx_alpha_zoo_state_strategy.py tests/test_live_notional_risk_aligned_alpha_zoo.py -q: 17 passed
- /usr/bin/time -f 'max_rss_kb=%M' uv run --extra dev pytest -q: 1369 passed in 66.76s; max_rss_kb=2877880
- uv run --extra dev ruff check .: PASS
- uv run --extra dev python -m compileall -q src scripts tests: PASS
- git diff --check: PASS
- git diff --cached --check after index sync: PASS

OMX team note:
- Team alpha-zoo-10bps-paper-0021ae35 worker panes died before ACK and produced no diffs.
- Leader completed implementation locally and shut the team down with confirmed issues.
