Hardcoded parameter audit: total=567 new=0 baselined=567
JSON report: reports/quality/hardcoded_params_report.json
Markdown report: reports/quality/hardcoded_params_report.md
	Command being timed: ".venv/bin/python scripts/audit_hardcoded_params.py"
	User time (seconds): 1.16
	System time (seconds): 0.02
	Percent of CPU this job got: 91%
	Elapsed (wall clock) time (h:mm:ss or m:ss): 0:01.31
	Average shared text size (kbytes): 0
	Average unshared data size (kbytes): 0
	Average stack size (kbytes): 0
	Average total size (kbytes): 0
	Maximum resident set size (kbytes): 25044
	Average resident set size (kbytes): 0
	Major (requiring I/O) page faults: 0
	Minor (reclaiming a frame) page faults: 6855
	Voluntary context switches: 50
	Involuntary context switches: 3
	Swaps: 0
	File system inputs: 1872
	File system outputs: 664
	Socket messages sent: 0
	Socket messages received: 0
	Signals delivered: 0
	Page size (bytes): 4096
	Exit status: 0
