{"candidate_csv": "/home/hoky/Quants-agent/LuminaQuant/var/reports/profit_moonshot_20260501/current_tail_20260508/alpha_v2/alpha_zoo_new_alpha_inversion_source_20260521/alpha_zoo_validation_march_high_leverage_candidates_latest.csv", "latest_json": "/home/hoky/Quants-agent/LuminaQuant/var/reports/profit_moonshot_20260501/current_tail_20260508/alpha_v2/alpha_zoo_new_alpha_inversion_source_20260521/alpha_zoo_validation_march_high_leverage_latest.json", "latest_markdown": "/home/hoky/Quants-agent/LuminaQuant/var/reports/profit_moonshot_20260501/current_tail_20260508/alpha_v2/alpha_zoo_new_alpha_inversion_source_20260521/alpha_zoo_validation_march_high_leverage_latest.md", "peak_rss_mib": 740.71875, "timestamped_json": "/home/hoky/Quants-agent/LuminaQuant/var/reports/profit_moonshot_20260501/current_tail_20260508/alpha_v2/alpha_zoo_new_alpha_inversion_source_20260521/alpha_zoo_validation_march_high_leverage_20260521T130042Z.json", "timestamped_markdown": "/home/hoky/Quants-agent/LuminaQuant/var/reports/profit_moonshot_20260501/current_tail_20260508/alpha_v2/alpha_zoo_new_alpha_inversion_source_20260521/alpha_zoo_validation_march_high_leverage_20260521T130042Z.md"}
	Command being timed: "uv run --extra dev python scripts/research/run_alpha_zoo_validation_march_high_leverage.py --output-dir var/reports/profit_moonshot_20260501/current_tail_20260508/alpha_v2/alpha_zoo_new_alpha_inversion_source_20260521 --include-sample-guarded-new-alpha-grid --leverage-min 1 --leverage-max 12 --allocation-grid 0.05,0.075,0.10,0.125,0.15,0.175,0.20"
	User time (seconds): 460.80
	System time (seconds): 1.57
	Percent of CPU this job got: 100%
	Elapsed (wall clock) time (h:mm:ss or m:ss): 7:41.38
	Average shared text size (kbytes): 0
	Average unshared data size (kbytes): 0
	Average stack size (kbytes): 0
	Average total size (kbytes): 0
	Maximum resident set size (kbytes): 758496
	Average resident set size (kbytes): 0
	Major (requiring I/O) page faults: 0
	Minor (reclaiming a frame) page faults: 277573
	Voluntary context switches: 257
	Involuntary context switches: 782
	Swaps: 0
	File system inputs: 0
	File system outputs: 111504
	Socket messages sent: 0
	Socket messages received: 0
	Signals delivered: 0
	Page size (bytes): 4096
	Exit status: 0
