Alpha Zoo expanded filter shadow selection final verification
generated_at_utc=2026-05-20T13:09:12Z
head=35b3b661dbb2d6a2b54e47d2c35ffc0ff5d3eee6
== regenerate shadow selection artifact ==
{"artifact_generation_validation_log": "/home/hoky/Quants-agent/LuminaQuant/var/reports/profit_moonshot_20260501/current_tail_20260508/alpha_v2/alpha_zoo_expanded_filter_shadow_selection_20260520/artifact_generation_validation_latest.log", "conservative_exit_positive_oos_csv": "/home/hoky/Quants-agent/LuminaQuant/var/reports/profit_moonshot_20260501/current_tail_20260508/alpha_v2/alpha_zoo_expanded_filter_shadow_selection_20260520/conservative_exit_positive_oos_candidates_latest.csv", "latest_json": "/home/hoky/Quants-agent/LuminaQuant/var/reports/profit_moonshot_20260501/current_tail_20260508/alpha_v2/alpha_zoo_expanded_filter_shadow_selection_20260520/alpha_zoo_expanded_filter_shadow_selection_latest.json", "latest_markdown": "/home/hoky/Quants-agent/LuminaQuant/var/reports/profit_moonshot_20260501/current_tail_20260508/alpha_v2/alpha_zoo_expanded_filter_shadow_selection_20260520/alpha_zoo_expanded_filter_shadow_selection_latest.md", "positive_oos_shadow_csv": "/home/hoky/Quants-agent/LuminaQuant/var/reports/profit_moonshot_20260501/current_tail_20260508/alpha_v2/alpha_zoo_expanded_filter_shadow_selection_20260520/positive_oos_shadow_candidates_latest.csv", "timestamped_json": "/home/hoky/Quants-agent/LuminaQuant/var/reports/profit_moonshot_20260501/current_tail_20260508/alpha_v2/alpha_zoo_expanded_filter_shadow_selection_20260520/alpha_zoo_expanded_filter_shadow_selection_20260520T130846Z.json"}
== targeted pytest ==
............................                                             [100%]
28 passed in 0.58s
== full pytest with memory measurement ==
........................................................................ [  5%]
........................................................................ [ 10%]
........................................................................ [ 15%]
........................................................................ [ 20%]
........................................................................ [ 26%]
........................................................................ [ 31%]
........................................................................ [ 36%]
........................................................................ [ 41%]
........................................................................ [ 47%]
........................................................................ [ 52%]
........................................................................ [ 57%]
........................................................................ [ 62%]
........................................................................ [ 68%]
........................................................................ [ 73%]
........................................................................ [ 78%]
........................................................................ [ 83%]
........................................................................ [ 89%]
........................................................................ [ 94%]
........................................................................ [ 99%]
......                                                                   [100%]
1374 passed in 73.34s (0:01:13)
max_rss_kb=2714532
== ruff ==
All checks passed!
== compileall ==
== diff checks ==
final_verification=PASS
