local_verification_started_at_utc=2026-05-22T10:30:12Z
head=711eeb4dbf83895b94f9fbf22d1afb79c4be1284
$ uv run --extra dev python scripts/research/run_alpha_zoo_sample_guarded_alpha_discovery.py
{"artifact_generation_validation_log": "/home/hoky/Quants-agent/LuminaQuant/var/reports/profit_moonshot_20260501/current_tail_20260508/alpha_v2/alpha_zoo_sample_guarded_alpha_discovery_20260520/artifact_generation_validation_latest.log", "cost_sensitivity_csv": "/home/hoky/Quants-agent/LuminaQuant/var/reports/profit_moonshot_20260501/current_tail_20260508/alpha_v2/alpha_zoo_sample_guarded_alpha_discovery_20260520/cost_sensitivity_latest.csv", "latest_json": "/home/hoky/Quants-agent/LuminaQuant/var/reports/profit_moonshot_20260501/current_tail_20260508/alpha_v2/alpha_zoo_sample_guarded_alpha_discovery_20260520/alpha_zoo_sample_guarded_alpha_discovery_latest.json", "latest_markdown": "/home/hoky/Quants-agent/LuminaQuant/var/reports/profit_moonshot_20260501/current_tail_20260508/alpha_v2/alpha_zoo_sample_guarded_alpha_discovery_20260520/alpha_zoo_sample_guarded_alpha_discovery_latest.md", "paper_candidate_decisions_csv": "/home/hoky/Quants-agent/LuminaQuant/var/reports/profit_moonshot_20260501/current_tail_20260508/alpha_v2/alpha_zoo_sample_guarded_alpha_discovery_20260520/paper_candidate_decisions_latest.csv", "sample_guarded_candidates_csv": "/home/hoky/Quants-agent/LuminaQuant/var/reports/profit_moonshot_20260501/current_tail_20260508/alpha_v2/alpha_zoo_sample_guarded_alpha_discovery_20260520/sample_guarded_candidates_latest.csv", "shadow_hypotheses_csv": "/home/hoky/Quants-agent/LuminaQuant/var/reports/profit_moonshot_20260501/current_tail_20260508/alpha_v2/alpha_zoo_sample_guarded_alpha_discovery_20260520/shadow_hypotheses_latest.csv", "timestamped_json": "/home/hoky/Quants-agent/LuminaQuant/var/reports/profit_moonshot_20260501/current_tail_20260508/alpha_v2/alpha_zoo_sample_guarded_alpha_discovery_20260520/alpha_zoo_sample_guarded_alpha_discovery_20260522T103013Z.json"}
$ uv run --extra dev pytest tests/test_alpha_zoo_sample_guarded_alpha_discovery.py tests/test_alpha_zoo_long_only_reversal_guarded_study.py tests/test_alpha_zoo_expanded_filter_shadow_selection.py tests/test_alpha_zoo_10bps_full_retune.py tests/test_alpha_zoo_10bps_full_retune_artifact_assertions.py -q
..........................                                               [100%]
26 passed in 0.70s
$ uv run --extra dev ruff check .
All checks passed!
$ uv run --extra dev python -m compileall -q src scripts tests
$ git diff --check
$ git diff --cached --check
local_verification_finished_at_utc=2026-05-22T10:30:15Z
$ uv run --extra dev pytest -q
........................................................................ [  5%]
........................................................................ [ 10%]
........................................................................ [ 15%]
........................................................................ [ 20%]
........................................................................ [ 26%]
........................................................................ [ 31%]
........................................................................ [ 36%]
........................................................................ [ 41%]
........................................................................ [ 46%]
........................................................................ [ 52%]
........................................................................ [ 57%]
........................................................................ [ 62%]
........................................................................ [ 67%]
........................................................................ [ 72%]
........................................................................ [ 78%]
........................................................................ [ 83%]
........................................................................ [ 88%]
........................................................................ [ 93%]
........................................................................ [ 98%]
..............                                                           [100%]
1382 passed in 76.12s (0:01:16)
full_pytest_finished_at_utc=2026-05-22T10:31:37Z
$ uv run --extra dev pytest tests/test_alpha_zoo_sample_guarded_alpha_discovery.py -q  # post-deslop targeted
....                                                                     [100%]
4 passed in 0.74s
$ uv run --extra dev ruff check .  # post-deslop
All checks passed!
$ uv run --extra dev python -m compileall -q src scripts tests  # post-deslop
$ git diff --check  # post-deslop
$ git diff --cached --check  # post-deslop
post_deslop_quick_checks_finished_at_utc=2026-05-22T10:32:56Z
$ uv run --extra dev pytest -q  # post-deslop full
........................................................................ [  5%]
........................................................................ [ 10%]
........................................................................ [ 15%]
........................................................................ [ 20%]
........................................................................ [ 26%]
........................................................................ [ 31%]
........................................................................ [ 36%]
........................................................................ [ 41%]
........................................................................ [ 46%]
........................................................................ [ 52%]
........................................................................ [ 57%]
........................................................................ [ 62%]
........................................................................ [ 67%]
........................................................................ [ 72%]
........................................................................ [ 78%]
........................................................................ [ 83%]
........................................................................ [ 88%]
........................................................................ [ 93%]
........................................................................ [ 98%]
..............                                                           [100%]
1382 passed in 88.01s (0:01:28)
post_deslop_full_pytest_finished_at_utc=2026-05-22T10:34:28Z
