local_verification_started_at_utc=2026-05-21T11:01:18Z
log=var/reports/profit_moonshot_20260501/current_tail_20260508/alpha_v2/alpha_zoo_sample_guarded_alpha_discovery_20260520/local_verification_alpha_zoo_sample_guarded_alpha_discovery_20260521T110118Z.log
commit=c8f307862edd049fb1aa4d13cc89a4f9b4e459fb
+ uv run --extra dev python scripts/research/run_alpha_zoo_sample_guarded_alpha_discovery.py
{"artifact_generation_validation_log": "/home/hoky/Quants-agent/LuminaQuant/var/reports/profit_moonshot_20260501/current_tail_20260508/alpha_v2/alpha_zoo_sample_guarded_alpha_discovery_20260520/artifact_generation_validation_latest.log", "cost_sensitivity_csv": "/home/hoky/Quants-agent/LuminaQuant/var/reports/profit_moonshot_20260501/current_tail_20260508/alpha_v2/alpha_zoo_sample_guarded_alpha_discovery_20260520/cost_sensitivity_latest.csv", "latest_json": "/home/hoky/Quants-agent/LuminaQuant/var/reports/profit_moonshot_20260501/current_tail_20260508/alpha_v2/alpha_zoo_sample_guarded_alpha_discovery_20260520/alpha_zoo_sample_guarded_alpha_discovery_latest.json", "latest_markdown": "/home/hoky/Quants-agent/LuminaQuant/var/reports/profit_moonshot_20260501/current_tail_20260508/alpha_v2/alpha_zoo_sample_guarded_alpha_discovery_20260520/alpha_zoo_sample_guarded_alpha_discovery_latest.md", "paper_candidate_decisions_csv": "/home/hoky/Quants-agent/LuminaQuant/var/reports/profit_moonshot_20260501/current_tail_20260508/alpha_v2/alpha_zoo_sample_guarded_alpha_discovery_20260520/paper_candidate_decisions_latest.csv", "sample_guarded_candidates_csv": "/home/hoky/Quants-agent/LuminaQuant/var/reports/profit_moonshot_20260501/current_tail_20260508/alpha_v2/alpha_zoo_sample_guarded_alpha_discovery_20260520/sample_guarded_candidates_latest.csv", "shadow_hypotheses_csv": "/home/hoky/Quants-agent/LuminaQuant/var/reports/profit_moonshot_20260501/current_tail_20260508/alpha_v2/alpha_zoo_sample_guarded_alpha_discovery_20260520/shadow_hypotheses_latest.csv", "timestamped_json": "/home/hoky/Quants-agent/LuminaQuant/var/reports/profit_moonshot_20260501/current_tail_20260508/alpha_v2/alpha_zoo_sample_guarded_alpha_discovery_20260520/alpha_zoo_sample_guarded_alpha_discovery_20260521T110118Z.json"}
+ uv run --extra dev pytest targeted alpha zoo suite -q
.......................                                                  [100%]
23 passed in 0.81s
+ uv run --extra dev ruff check .
All checks passed!
+ uv run --extra dev python -m compileall -q src scripts tests
+ git diff --check
+ git diff --cached --check
+ /usr/bin/time -v uv run --extra dev pytest -q
........................................................................ [  5%]
........................................................................ [ 10%]
........................................................................ [ 15%]
........................................................................ [ 20%]
........................................................................ [ 26%]
........................................................................ [ 31%]
........................................................................ [ 36%]
........................................................................ [ 41%]
........................................................................ [ 47%]
........................................................................ [ 52%]
........................................................................ [ 57%]
........................................................................ [ 62%]
........................................................................ [ 67%]
........................................................................ [ 73%]
........................................................................ [ 78%]
........................................................................ [ 83%]
........................................................................ [ 88%]
........................................................................ [ 94%]
........................................................................ [ 99%]
.........                                                                [100%]
1377 passed in 70.86s (0:01:10)
	Command being timed: "uv run --extra dev pytest -q"
	User time (seconds): 77.83
	System time (seconds): 19.28
	Percent of CPU this job got: 132%
	Elapsed (wall clock) time (h:mm:ss or m:ss): 1:13.09
	Average shared text size (kbytes): 0
	Average unshared data size (kbytes): 0
	Average stack size (kbytes): 0
	Average total size (kbytes): 0
	Maximum resident set size (kbytes): 2827616
	Average resident set size (kbytes): 0
	Major (requiring I/O) page faults: 4611
	Minor (reclaiming a frame) page faults: 1910075
	Voluntary context switches: 322227
	Involuntary context switches: 3226
	Swaps: 0
	File system inputs: 1360272
	File system outputs: 203936
	Socket messages sent: 0
	Socket messages received: 0
	Signals delivered: 0
	Page size (bytes): 4096
	Exit status: 0
local_verification_completed_at_utc=2026-05-21T11:02:34Z
+ post-doc git diff --check
+ post-doc git diff --cached --check
+ post-deslop uv run --extra dev pytest tests/test_alpha_zoo_sample_guarded_alpha_discovery.py -q
..                                                                       [100%]
2 passed in 0.49s
+ post-deslop uv run --extra dev ruff check .
All checks passed!
+ post-deslop uv run --extra dev python -m compileall -q src scripts tests
+ post-deslop git diff --check
+ post-deslop /usr/bin/time -v uv run --extra dev pytest -q
........................................................................ [  5%]
........................................................................ [ 10%]
........................................................................ [ 15%]
........................................................................ [ 20%]
........................................................................ [ 26%]
........................................................................ [ 31%]
........................................................................ [ 36%]
........................................................................ [ 41%]
........................................................................ [ 47%]
........................................................................ [ 52%]
........................................................................ [ 57%]
........................................................................ [ 62%]
........................................................................ [ 67%]
........................................................................ [ 73%]
........................................................................ [ 78%]
........................................................................ [ 83%]
........................................................................ [ 88%]
........................................................................ [ 94%]
........................................................................ [ 99%]
.........                                                                [100%]
1377 passed in 70.85s (0:01:10)
	Command being timed: "uv run --extra dev pytest -q"
	User time (seconds): 79.60
	System time (seconds): 19.78
	Percent of CPU this job got: 135%
	Elapsed (wall clock) time (h:mm:ss or m:ss): 1:13.30
	Average shared text size (kbytes): 0
	Average unshared data size (kbytes): 0
	Average stack size (kbytes): 0
	Average total size (kbytes): 0
	Maximum resident set size (kbytes): 2831596
	Average resident set size (kbytes): 0
	Major (requiring I/O) page faults: 303
	Minor (reclaiming a frame) page faults: 1911417
	Voluntary context switches: 321721
	Involuntary context switches: 3249
	Swaps: 0
	File system inputs: 32680
	File system outputs: 203936
	Socket messages sent: 0
	Socket messages received: 0
	Signals delivered: 0
	Page size (bytes): 4096
	Exit status: 0
+ final post-doc-update git diff --check
+ final post-doc-update git diff --cached --check
