verification_started_utc=2026-05-22T11:04:31Z
git_head=acca0702b4792a055794aa0cc27cd77a65e1cd43
step=artifact_regeneration
{"artifact_generation_validation_log": "/home/hoky/Quants-agent/LuminaQuant/var/reports/profit_moonshot_20260501/current_tail_20260508/alpha_v2/alpha_zoo_paper_fill_efficiency_gate_20260522/artifact_generation_validation_latest.log", "latest_json": "/home/hoky/Quants-agent/LuminaQuant/var/reports/profit_moonshot_20260501/current_tail_20260508/alpha_v2/alpha_zoo_paper_fill_efficiency_gate_20260522/alpha_zoo_paper_fill_efficiency_gate_latest.json", "latest_markdown": "/home/hoky/Quants-agent/LuminaQuant/var/reports/profit_moonshot_20260501/current_tail_20260508/alpha_v2/alpha_zoo_paper_fill_efficiency_gate_20260522/alpha_zoo_paper_fill_efficiency_gate_latest.md", "paper_fill_efficiency_decisions_csv": "/home/hoky/Quants-agent/LuminaQuant/var/reports/profit_moonshot_20260501/current_tail_20260508/alpha_v2/alpha_zoo_paper_fill_efficiency_gate_20260522/paper_fill_efficiency_decisions_latest.csv", "timestamped_json": "/home/hoky/Quants-agent/LuminaQuant/var/reports/profit_moonshot_20260501/current_tail_20260508/alpha_v2/alpha_zoo_paper_fill_efficiency_gate_20260522/alpha_zoo_paper_fill_efficiency_gate_20260522T110432Z.json"}
step=targeted_fill_efficiency_gate_tests
....                                                                     [100%]
4 passed in 0.05s
step=sample_guarded_regression_tests
......                                                                   [100%]
6 passed in 0.65s
step=ruff_all
All checks passed!
step=compileall
step=full_pytest
........................................................................ [  5%]
........................................................................ [ 10%]
........................................................................ [ 15%]
........................................................................ [ 20%]
........................................................................ [ 25%]
........................................................................ [ 31%]
........................................................................ [ 36%]
........................................................................ [ 41%]
........................................................................ [ 46%]
........................................................................ [ 51%]
........................................................................ [ 57%]
........................................................................ [ 62%]
........................................................................ [ 67%]
........................................................................ [ 72%]
........................................................................ [ 77%]
........................................................................ [ 82%]
........................................................................ [ 88%]
........................................................................ [ 93%]
........................................................................ [ 98%]
....................                                                     [100%]
1388 passed in 65.91s (0:01:05)
	Command being timed: "uv run --extra dev pytest -q"
	User time (seconds): 67.85
	System time (seconds): 19.67
	Percent of CPU this job got: 137%
	Elapsed (wall clock) time (h:mm:ss or m:ss): 1:03.53
	Average shared text size (kbytes): 0
	Average unshared data size (kbytes): 0
	Average stack size (kbytes): 0
	Average total size (kbytes): 0
	Maximum resident set size (kbytes): 2732348
	Average resident set size (kbytes): 0
	Major (requiring I/O) page faults: 319
	Minor (reclaiming a frame) page faults: 1886467
	Voluntary context switches: 311480
	Involuntary context switches: 3670
	Swaps: 0
	File system inputs: 36120
	File system outputs: 210352
	Socket messages sent: 0
	Socket messages received: 0
	Signals delivered: 0
	Page size (bytes): 4096
	Exit status: 0
step=git_diff_check
step=git_diff_cached_check
verification_finished_utc=2026-05-22T11:05:38Z
verification_status=pass
