{"artifact_generation_validation_log": "/home/hoky/Quants-agent/LuminaQuant/var/reports/profit_moonshot_20260501/current_tail_20260508/alpha_v2/alpha_zoo_new_alpha_inversion_sample_guarded_discovery_20260521/artifact_generation_validation_latest.log", "cost_sensitivity_csv": "/home/hoky/Quants-agent/LuminaQuant/var/reports/profit_moonshot_20260501/current_tail_20260508/alpha_v2/alpha_zoo_new_alpha_inversion_sample_guarded_discovery_20260521/cost_sensitivity_latest.csv", "latest_json": "/home/hoky/Quants-agent/LuminaQuant/var/reports/profit_moonshot_20260501/current_tail_20260508/alpha_v2/alpha_zoo_new_alpha_inversion_sample_guarded_discovery_20260521/alpha_zoo_sample_guarded_alpha_discovery_latest.json", "latest_markdown": "/home/hoky/Quants-agent/LuminaQuant/var/reports/profit_moonshot_20260501/current_tail_20260508/alpha_v2/alpha_zoo_new_alpha_inversion_sample_guarded_discovery_20260521/alpha_zoo_sample_guarded_alpha_discovery_latest.md", "paper_candidate_decisions_csv": "/home/hoky/Quants-agent/LuminaQuant/var/reports/profit_moonshot_20260501/current_tail_20260508/alpha_v2/alpha_zoo_new_alpha_inversion_sample_guarded_discovery_20260521/paper_candidate_decisions_latest.csv", "sample_guarded_candidates_csv": "/home/hoky/Quants-agent/LuminaQuant/var/reports/profit_moonshot_20260501/current_tail_20260508/alpha_v2/alpha_zoo_new_alpha_inversion_sample_guarded_discovery_20260521/sample_guarded_candidates_latest.csv", "shadow_hypotheses_csv": "/home/hoky/Quants-agent/LuminaQuant/var/reports/profit_moonshot_20260501/current_tail_20260508/alpha_v2/alpha_zoo_new_alpha_inversion_sample_guarded_discovery_20260521/shadow_hypotheses_latest.csv", "timestamped_json": "/home/hoky/Quants-agent/LuminaQuant/var/reports/profit_moonshot_20260501/current_tail_20260508/alpha_v2/alpha_zoo_new_alpha_inversion_sample_guarded_discovery_20260521/alpha_zoo_sample_guarded_alpha_discovery_20260521T132201Z.json"}
	Command being timed: "uv run --extra dev python scripts/research/run_alpha_zoo_sample_guarded_alpha_discovery.py --expanded-retune-json var/reports/profit_moonshot_20260501/current_tail_20260508/alpha_v2/alpha_zoo_new_alpha_inversion_10bps_optuna_20260521/alpha_zoo_10bps_full_retune_latest.json --output-dir var/reports/profit_moonshot_20260501/current_tail_20260508/alpha_v2/alpha_zoo_new_alpha_inversion_sample_guarded_discovery_20260521 --profile-top-n 120 --decision-top-n 120 --shadow-top-n 180 --cost-top-n 120"
	User time (seconds): 2.18
	System time (seconds): 0.20
	Percent of CPU this job got: 174%
	Elapsed (wall clock) time (h:mm:ss or m:ss): 0:01.37
	Average shared text size (kbytes): 0
	Average unshared data size (kbytes): 0
	Average stack size (kbytes): 0
	Average total size (kbytes): 0
	Maximum resident set size (kbytes): 333644
	Average resident set size (kbytes): 0
	Major (requiring I/O) page faults: 0
	Minor (reclaiming a frame) page faults: 116613
	Voluntary context switches: 36
	Involuntary context switches: 50
	Swaps: 0
	File system inputs: 0
	File system outputs: 140600
	Socket messages sent: 0
	Socket messages received: 0
	Signals delivered: 0
	Page size (bytes): 4096
	Exit status: 0
