# New alpha sample-guarded final verification
2026-05-21T13:25:07Z
## Artifact safety summary
{
  "ready_for_real": false,
  "real_money_execution": false,
  "ready_for_paper": false,
  "paper_candidates": 0,
  "decision_status": "no_new_paper_promotion_shadow_shortlist",
  "sample_guarded_summary": {
    "calendar_quarantined_count": 0,
    "candidate_count": 2585,
    "historical_oos_bucket_quarantined_count": 20,
    "max_locked_oos_trade_event_count": 471,
    "max_train_validation_return_ratio": 263.14714313515645,
    "max_validation_return": 0.27384367402254894,
    "max_validation_trade_event_count": 872,
    "paper_candidate_count": 0,
    "paper_shadow_candidate_count": 0,
    "reject_or_quarantine_count": 891,
    "selection_eligible_count": 2565,
    "shadow_only_thin_sample_count": 1694,
    "status_counts": {
      "reject_or_quarantine": 891,
      "shadow_only_thin_sample": 1694
    }
  },
  "memory_summary": {
    "guard_status": "pass",
    "limit_mib": 8192.0,
    "pass_fail_reason": "peak_rss_mib=642.289 below limit_mib=8192.0",
    "pass_under_8gb": true,
    "peak_rss_mib": 642.2890625,
    "runner_peak_rss_mib": 217.53515625,
    "source_peak_rss_mib": 642.2890625
  },
  "selection_policy": {
    "calendar_rule_policy": "calendar_primary rows are quarantined before ranking",
    "candidate_freeze_inputs": [
      "train",
      "validation"
    ],
    "locked_oos_role": "gate_report_only_after_train_validation_profile_freeze",
    "optimization_input_splits": [
      "train",
      "validation"
    ],
    "parameter_fit_inputs": [
      "train",
      "validation"
    ],
    "profile_ranking_inputs": [
      "train",
      "validation"
    ],
    "pruning_inputs": [
      "train",
      "validation"
    ],
    "uses_locked_oos_for_correlation": false,
    "uses_locked_oos_for_discovery": false,
    "uses_locked_oos_for_objective": false,
    "uses_locked_oos_for_parameter_fitting": false,
    "uses_locked_oos_for_pruning": false,
    "uses_locked_oos_for_selection": false
  }
}
## ruff check .
All checks passed!
## targeted pytest
.................                                                        [100%]
17 passed in 0.93s
## compileall
## git diff --check
## full pytest
........................................................................ [  5%]
........................................................................ [ 10%]
........................................................................ [ 15%]
........................................................................ [ 20%]
........................................................................ [ 26%]
........................................................................ [ 31%]
........................................................................ [ 36%]
........................................................................ [ 41%]
........................................................................ [ 46%]
........................................................................ [ 52%]
........................................................................ [ 57%]
........................................................................ [ 62%]
........................................................................ [ 67%]
........................................................................ [ 73%]
........................................................................ [ 78%]
........................................................................ [ 83%]
........................................................................ [ 88%]
........................................................................ [ 93%]
........................................................................ [ 99%]
............                                                             [100%]
1380 passed in 72.13s (0:01:12)
	Command being timed: "uv run --extra dev pytest -q"
	User time (seconds): 79.46
	System time (seconds): 23.95
	Percent of CPU this job got: 138%
	Elapsed (wall clock) time (h:mm:ss or m:ss): 1:14.57
	Average shared text size (kbytes): 0
	Average unshared data size (kbytes): 0
	Average stack size (kbytes): 0
	Average total size (kbytes): 0
	Maximum resident set size (kbytes): 2858296
	Average resident set size (kbytes): 0
	Major (requiring I/O) page faults: 318
	Minor (reclaiming a frame) page faults: 1944955
	Voluntary context switches: 318924
	Involuntary context switches: 3499
	Swaps: 0
	File system inputs: 36512
	File system outputs: 203936
	Socket messages sent: 0
	Socket messages received: 0
	Signals delivered: 0
	Page size (bytes): 4096
	Exit status: 0
## final git diff --check
