# CI hardcoded-parameter fix verification
2026-05-21T13:31:09Z
## ruff check .
All checks passed!
## hardcoded parameter audit
Hardcoded parameter audit: total=567 new=0 baselined=567
JSON report: reports/quality/hardcoded_params_report.json
Markdown report: reports/quality/hardcoded_params_report.md
## targeted pytest
.................                                                        [100%]
17 passed in 0.76s
## compileall
## full pytest
........................................................................ [  5%]
........................................................................ [ 10%]
........................................................................ [ 15%]
........................................................................ [ 20%]
........................................................................ [ 26%]
........................................................................ [ 31%]
........................................................................ [ 36%]
........................................................................ [ 41%]
........................................................................ [ 46%]
........................................................................ [ 52%]
........................................................................ [ 57%]
........................................................................ [ 62%]
........................................................................ [ 67%]
........................................................................ [ 73%]
........................................................................ [ 78%]
........................................................................ [ 83%]
........................................................................ [ 88%]
........................................................................ [ 93%]
........................................................................ [ 99%]
............                                                             [100%]
1380 passed in 67.99s (0:01:07)
	Command being timed: "uv run --extra dev pytest -q"
	User time (seconds): 75.19
	System time (seconds): 18.95
	Percent of CPU this job got: 134%
	Elapsed (wall clock) time (h:mm:ss or m:ss): 1:10.19
	Average shared text size (kbytes): 0
	Average unshared data size (kbytes): 0
	Average stack size (kbytes): 0
	Average total size (kbytes): 0
	Maximum resident set size (kbytes): 2880156
	Average resident set size (kbytes): 0
	Major (requiring I/O) page faults: 331
	Minor (reclaiming a frame) page faults: 1944248
	Voluntary context switches: 321422
	Involuntary context switches: 3480
	Swaps: 0
	File system inputs: 39840
	File system outputs: 203936
	Socket messages sent: 0
	Socket messages received: 0
	Signals delivered: 0
	Page size (bytes): 4096
	Exit status: 0
## git diff --check
