[Realism] Partial Fill: Req 13.348 > Limit 11.2000. Filling 11.200000000000001 and keeping remainder.
[Realism] Partial Fill: Req 13.049 > Limit 11.2000. Filling 11.200000000000001 and keeping remainder.
[Realism] Partial Fill: Req 21.842 > Limit 21.2000. Filling 21.200000000000003 and keeping remainder.
[Realism] Partial Fill: Req 23.338 > Limit 21.2000. Filling 21.200000000000003 and keeping remainder.
[Realism] Partial Fill: Req 23.826 > Limit 12.2000. Filling 12.200000000000001 and keeping remainder.
[Realism] Partial Fill: Req 22.332 > Limit 12.2000. Filling 12.200000000000001 and keeping remainder.
[Realism] Partial Fill: Req 19.98 > Limit 13.6000. Filling 13.600000000000001 and keeping remainder.
[Realism] Partial Fill: Req 17.82 > Limit 13.6000. Filling 13.600000000000001 and keeping remainder.
[Realism] Partial Fill: Req 12.686 > Limit 11.8000. Filling 11.8 and keeping remainder.
[Realism] Partial Fill: Req 12.045 > Limit 11.8000. Filling 11.8 and keeping remainder.
[Realism] Partial Fill: Req 18.269000000000002 > Limit 12.3000. Filling 12.3 and keeping remainder.
[Realism] Partial Fill: Req 18.701 > Limit 12.3000. Filling 12.3 and keeping remainder.
{
  "strategy": "MovingAverageCrossStrategy",
  "symbols": [
    "BTC/USDT",
    "ETH/USDT"
  ],
  "iterations": 1,
  "warmup": 0,
  "seed": 42,
  "generated_at_utc": "2026-06-10T00:46:01.052636+00:00",
  "python": "3.11.15",
  "samples": [
    {
      "seconds": 58.2112945500412,
      "peak_tracemalloc_mb": 1.1293001174926758,
      "peak_rss_mb": null,
      "bars_processed": 1268,
      "bars_per_sec": 21.78271433063504
    }
  ],
  "median_seconds": 58.2112945500412,
  "mean_seconds": 58.2112945500412,
  "median_bars_per_sec": 21.78271433063504,
  "mean_bars_per_sec": 21.78271433063504,
  "median_peak_tracemalloc_mb": 1.1293001174926758,
  "max_peak_rss_mb": null,
  "comparison": null
}
Saved benchmark snapshot: /tmp/rss_bench_single.json
	Command being timed: "uv run python scripts/benchmark_backtest.py --config config.yaml --strategy MovingAverageCrossStrategy --symbols BTC/USDT,ETH/USDT --seed 42 --iters 1 --warmup 0 --output /tmp/rss_bench_single.json"
	User time (seconds): 59.61
	System time (seconds): 0.19
	Percent of CPU this job got: 101%
	Elapsed (wall clock) time (h:mm:ss or m:ss): 0:58.76
	Average shared text size (kbytes): 0
	Average unshared data size (kbytes): 0
	Average stack size (kbytes): 0
	Average total size (kbytes): 0
	Maximum resident set size (kbytes): 132704
	Average resident set size (kbytes): 0
	Major (requiring I/O) page faults: 0
	Minor (reclaiming a frame) page faults: 26723
	Voluntary context switches: 460
	Involuntary context switches: 584
	Swaps: 0
	File system inputs: 0
	File system outputs: 8
	Socket messages sent: 0
	Socket messages received: 0
	Signals delivered: 0
	Page size (bytes): 4096
	Exit status: 0
