	Command being timed: "uv run python scripts/research/run_alpha_zoo_multi_asset_monitoring_slate.py"
	User time (seconds): 1.69
	System time (seconds): 0.10
	Percent of CPU this job got: 213%
	Elapsed (wall clock) time (h:mm:ss or m:ss): 0:00.84
	Average shared text size (kbytes): 0
	Average unshared data size (kbytes): 0
	Average stack size (kbytes): 0
	Average total size (kbytes): 0
	Maximum resident set size (kbytes): 139092
	Average resident set size (kbytes): 0
	Major (requiring I/O) page faults: 1
	Minor (reclaiming a frame) page faults: 39141
	Voluntary context switches: 38
	Involuntary context switches: 27
	Swaps: 0
	File system inputs: 0
	File system outputs: 37656
	Socket messages sent: 0
	Socket messages received: 0
	Signals delivered: 0
	Page size (bytes): 4096
	Exit status: 0
