{
  "artifact": "/home/hoky/Quants-agent/LuminaQuant/var/reports/profit_moonshot_20260501/current_tail_20260508/alpha_v2/alpha_zoo_30m_plus_alpha_booster_discovery_20260523/alpha_zoo_30m_plus_alpha_booster_discovery_latest.json",
  "best_booster_target_model_id": null,
  "best_paper_candidate_model_id": "a30fb_booster_rs_chandelier_2h_solusdt_lb12_atr0p25_rel0p005_trail3p0_hold18_4p0x_0p125_9eeb8c26",
  "booster_target_gate_pass_count": 0,
  "candidate_count": 63450,
  "paper_candidate_gate_pass_count": 46,
  "ready_for_real": false,
  "real_money_execution": false,
  "runner_peak_rss_mib": 2248.61328125
}
	Command being timed: "uv run python scripts/research/run_alpha_zoo_30m_plus_alpha_booster_discovery.py"
	User time (seconds): 311.24
	System time (seconds): 9.23
	Percent of CPU this job got: 115%
	Elapsed (wall clock) time (h:mm:ss or m:ss): 4:36.37
	Average shared text size (kbytes): 0
	Average unshared data size (kbytes): 0
	Average stack size (kbytes): 0
	Average total size (kbytes): 0
	Maximum resident set size (kbytes): 2302580
	Average resident set size (kbytes): 0
	Major (requiring I/O) page faults: 4
	Minor (reclaiming a frame) page faults: 1282343
	Voluntary context switches: 115985
	Involuntary context switches: 2818
	Swaps: 0
	File system inputs: 0
	File system outputs: 23392
	Socket messages sent: 0
	Socket messages received: 0
	Signals delivered: 0
	Page size (bytes): 4096
	Exit status: 0
