# Common-split post-deslop verification 2026-05-17T05:48:55Z
>>> uv run --extra dev pytest tests/test_crypto_fx_alpha_zoo.py tests/test_triple_barrier_labeler.py tests/test_edge_calibration.py tests/test_crypto_fx_alpha_zoo_state_strategy.py -q
.......................                                                  [100%]
23 passed in 1.02s
>>> uv run --extra dev pytest tests/test_profit_moonshot_fresh_start_replay.py tests/test_profit_moonshot_liquidation_aware_validation.py tests/test_profit_moonshot_live_final_selection.py tests/test_profit_moonshot_pass_under_8gb_validator.py -q
........................................................................ [ 97%]
..                                                                       [100%]
74 passed in 0.52s
>>> uv run --extra dev pytest -q
........................................................................ [  5%]
........................................................................ [ 10%]
........................................................................ [ 16%]
........................................................................ [ 21%]
........................................................................ [ 27%]
........................................................................ [ 32%]
........................................................................ [ 38%]
........................................................................ [ 43%]
........................................................................ [ 49%]
........................................................................ [ 54%]
........................................................................ [ 60%]
........................................................................ [ 65%]
........................................................................ [ 70%]
........................................................................ [ 76%]
........................................................................ [ 81%]
........................................................................ [ 87%]
........................................................................ [ 92%]
........................................................................ [ 98%]
.......................                                                  [100%]
1319 passed in 264.82s (0:04:24)
>>> uv run --extra dev ruff check .
All checks passed!
>>> uv run --extra dev python -m compileall -q src scripts tests
>>> git diff --check
>>> git diff --cached --check
# completed 2026-05-17T05:53:25Z
