{"json": "var/reports/profit_moonshot_20260501/current_tail_20260508/alpha_v2/liquidation_aware_strict_20260511/liquidation_aware_current_base_latest.json", "markdown": "var/reports/profit_moonshot_20260501/current_tail_20260508/alpha_v2/liquidation_aware_strict_20260511/liquidation_aware_current_base_latest.md", "timestamped_json": "var/reports/profit_moonshot_20260501/current_tail_20260508/alpha_v2/liquidation_aware_strict_20260511/liquidation_aware_current_base_20260511T111248Z.json", "timestamped_markdown": "var/reports/profit_moonshot_20260501/current_tail_20260508/alpha_v2/liquidation_aware_strict_20260511/liquidation_aware_current_base_20260511T111248Z.md"}
	Command being timed: "uv run --extra dev python scripts/research/run_profit_moonshot_liquidation_aware_validation.py --output-dir var/reports/profit_moonshot_20260501/current_tail_20260508/alpha_v2/liquidation_aware_strict_20260511"
	User time (seconds): 13.59
	System time (seconds): 0.54
	Percent of CPU this job got: 67%
	Elapsed (wall clock) time (h:mm:ss or m:ss): 0:20.86
	Average shared text size (kbytes): 0
	Average unshared data size (kbytes): 0
	Average stack size (kbytes): 0
	Average total size (kbytes): 0
	Maximum resident set size (kbytes): 263336
	Average resident set size (kbytes): 0
	Major (requiring I/O) page faults: 0
	Minor (reclaiming a frame) page faults: 52621
	Voluntary context switches: 445
	Involuntary context switches: 81
	Swaps: 0
	File system inputs: 0
	File system outputs: 1488
	Socket messages sent: 0
	Socket messages received: 0
	Signals delivered: 0
	Page size (bytes): 4096
	Exit status: 0
